// Jest Snapshot v1, https://goo.gl/fbAQLP

exports[`PrimaryButton has the correct style 1`] = `
<div>
  <button
    class="border-2 font-600 inline-flex items-center justify-center rounded-sm uppercase text-sm border-primary-500 bg-primary-200 hover:bg-primary-300 hover:text-primary-800 text-primary-700 p-2"
    type="button"
  >
    Click me!
  </button>
</div>
`;
